// Jest Snapshot v1, https://goo.gl/fbAQLP

exports[`<CountDown  /> should match snapshot 1`] = `0 secs`;
