// Jest Snapshot v1, https://goo.gl/fbAQLP

exports[`<Tooltip  /> should match snapshot 1`] = `
.c0 .tooltip-content.sirius-tooltip {
  border-radius: 0;
  padding: 0.2857rem 0.7143rem;
  font-weight: 400;
  border-radius: 0;
  font-size: 12px;
  color: #cdcdcd;
  line-height: 1.1429rem;
}

<div
  class="c0"
>
  <div
    class="jsx-726172838 tooltip-wrapper"
  >
    <div
      class="jsx-726172838 tooltip "
    >
      test content
    </div>
  </div>
</div>
`;
