// Jest Snapshot v1, https://goo.gl/fbAQLP

exports[`<Tabs  /> should match snapshot 1`] = `
.c0 .tab .label {
  font-size: 1.1429rem;
  font-family: CircularStd-Medium,CircularStd;
  color: rgba(11,19,46,0.6) !important;
  line-height: 1.7143rem;
  padding: 0.5714rem 0.2857rem;
  font-weight: 500;
}

.c0 .tab .nav {
  margin: 0 0.5714rem;
}

.c0 .tab.active .label,
.c0 .tab:hover .label {
  font-weight: 500;
  color: #0b132e !important;
}

.c0 .tab .bottom {
  height: 0.4286rem;
  border-top-left-radius: 0.5714rem;
  border-top-right-radius: 0.5714rem;
}

.c0 header + .content {
  margin-top: 1.2857rem;
  padding-top: 0;
}

<div
  class="jsx-2839662092 c0"
>
  <header
    class="jsx-2839662092"
  >
    <div
      class="jsx-2839662092 tab "
      role="button"
    >
      <div
        class="jsx-868734247 nav"
      >
        <div
          class="jsx-868734247 label"
          style="color: rgb(68, 68, 68);"
        >
          label1
        </div>
        <div
          class="jsx-868734247 bottom"
        />
      </div>
    </div>
    <div
      class="jsx-2839662092 tab "
      role="button"
    >
      <div
        class="jsx-868734247 nav"
      >
        <div
          class="jsx-868734247 label"
          style="color: rgb(68, 68, 68);"
        >
          label2
        </div>
        <div
          class="jsx-868734247 bottom"
        />
      </div>
    </div>
  </header>
  <div
    class="jsx-2839662092 content"
  />
</div>
`;
