// Jest Snapshot v1, https://goo.gl/fbAQLP

exports[`<NotFoundPage /> should match the snapshot 1`] = `
.c0 {
  display: -webkit-box;
  display: -webkit-flex;
  display: -ms-flexbox;
  display: flex;
  -webkit-flex: 1;
  -ms-flex: 1;
  flex: 1;
  -webkit-flex-wrap: wrap;
  -ms-flex-wrap: wrap;
  flex-wrap: wrap;
  -webkit-align-items: center;
  -webkit-box-align: center;
  -ms-flex-align: center;
  align-items: center;
  -webkit-box-pack: center;
  -webkit-justify-content: center;
  -ms-flex-pack: center;
  justify-content: center;
  background: #f5f6fa;
}

.c1 {
  margin-right: 7rem;
}

.c2 {
  display: -webkit-box;
  display: -webkit-flex;
  display: -ms-flexbox;
  display: flex;
  -webkit-flex-direction: column;
  -ms-flex-direction: column;
  flex-direction: column;
}

.c3 {
  display: inline-block;
  font-size: 1.5714rem;
  line-height: 2rem;
  color: #424242;
  font-weight: 500;
  margin-bottom: 1rem;
}

.c4 {
  display: inline-block;
  color: #4b4b4b;
  opacity: 0.4;
  font-weight: 500;
  line-height: 1.2857rem;
  margin-bottom: 1rem;
  max-width: 540px;
}

.c5 {
  width: 15.7143rem;
  height: 3.5714rem;
  background-color: #fff;
  border-radius: 2.8571rem;
  display: -webkit-box;
  display: -webkit-flex;
  display: -ms-flexbox;
  display: flex;
  -webkit-align-items: center;
  -webkit-box-align: center;
  -ms-flex-align: center;
  align-items: center;
  -webkit-box-pack: center;
  -webkit-justify-content: center;
  -ms-flex-pack: center;
  justify-content: center;
  color: #545454;
  font-size: 1.1429rem;
}

@media (max-width:600px) {
  .c1 {
    margin-right: 0;
  }
}

@media (max-width:1024px) {
  .c2 {
    padding: 1rem;
  }
}

<div
  class="c0"
>
  <img
    class="c1"
    src="404.svg"
  />
  <div
    class="c2"
  >
    <span
      class="c3"
    >
      Thereâ€™s nothing here!
    </span>
    <span
      class="c4"
    >
      Sorry! This is an invalid search string.
    </span>
    <span
      class="c4"
    >
      If you are searching Conflux address, it should start with 0x0 (built-in contract), 0x1 (user account), or 0x8 (smart contract).
    </span>
    <a
      class="c5"
      href="/"
    >
      GO TO HOMEPAGE
    </a>
  </div>
</div>
`;
